PENDING_JOBS:11
